// Vitest Snapshot v1, https://vitest.dev/guide/snapshot.html

exports[`DataComplianceCards re-exports > matches snapshot 1`] = `
<div>
  <div
    class="space-y-3"
  >
    <div
      class="flex items-start gap-2 p-2 rounded-lg bg-green-500/10 border border-green-500/20 text-xs"
    >
      <svg
        aria-hidden="true"
        class="lucide lucide-circle-alert w-4 h-4 text-green-400 shrink-0 mt-0.5"
        fill="none"
        height="24"
        stroke="currentColor"
        stroke-linecap="round"
        stroke-linejoin="round"
        stroke-width="2"
        viewBox="0 0 24 24"
        width="24"
        xmlns="http://www.w3.org/2000/svg"
      >
        <circle
          cx="12"
          cy="12"
          r="10"
        />
        <line
          x1="12"
          x2="12"
          y1="8"
          y2="12"
        />
        <line
          x1="12"
          x2="12.01"
          y1="16"
          y2="16"
        />
      </svg>
      <div>
        <p
          class="text-green-400 font-medium"
        >
          Cert-Manager Integration
        </p>
        <p
          class="text-muted-foreground"
        >
          Install cert-manager for TLS automation.
           
          <a
            class="text-green-400 hover:underline"
            href="https://cert-manager.io/docs/installation/"
            rel="noopener noreferrer"
            target="_blank"
          >
            Install guide →
          </a>
        </p>
      </div>
    </div>
    <p
      class="text-xs text-muted-foreground text-center py-4"
    >
      No cert-manager installation detected
    </p>
  </div>
</div>
`;
