// Vitest Snapshot v1, https://vitest.dev/guide/snapshot.html

exports[`DrasiPipelineHealth > matches snapshot for healthy state 1`] = `
<DocumentFragment>
  <div
    aria-label="Drasi Pipeline Health"
    class="h-full flex flex-col min-h-card"
    role="region"
  >
    <div
      class="p-3 rounded-lg bg-green-500/10 border border-green-500/20 mb-3 flex items-center gap-3"
    >
      <svg
        aria-hidden="true"
        class="lucide lucide-circle-check-big w-8 h-8 text-green-400"
        fill="none"
        height="24"
        stroke="currentColor"
        stroke-linecap="round"
        stroke-linejoin="round"
        stroke-width="2"
        viewBox="0 0 24 24"
        width="24"
        xmlns="http://www.w3.org/2000/svg"
      >
        <path
          d="M21.801 10A10 10 0 1 1 17 3.335"
        />
        <path
          d="m9 11 3 3L22 4"
        />
      </svg>
      <div>
        <p
          class="text-lg font-bold text-green-400"
        >
          Healthy
        </p>
        <p
          class="text-xs text-muted-foreground"
        >
          1 pipeline · 2/2 sources · 3/3 queries · 1/1 reactions
        </p>
      </div>
    </div>
    <div
      class="flex-1 overflow-y-auto space-y-2"
    >
      <div
        class="p-2.5 rounded-lg bg-secondary/30 hover:bg-secondary/50 transition-colors"
      >
        <div
          class="flex items-center justify-between mb-1.5"
        >
          <div
            class="flex items-center gap-2"
          >
            <svg
              aria-hidden="true"
              class="lucide lucide-circle-check-big w-4 h-4 text-green-400"
              fill="none"
              height="24"
              stroke="currentColor"
              stroke-linecap="round"
              stroke-linejoin="round"
              stroke-width="2"
              viewBox="0 0 24 24"
              width="24"
              xmlns="http://www.w3.org/2000/svg"
            >
              <path
                d="M21.801 10A10 10 0 1 1 17 3.335"
              />
              <path
                d="m9 11 3 3L22 4"
              />
            </svg>
            <span
              class="text-sm font-medium text-foreground truncate"
            >
              pipeline-alpha
            </span>
            <span
              class="px-1.5 py-0.5 rounded text-2xs bg-green-500/10 text-green-400"
            >
              Healthy
            </span>
          </div>
          <span
            class="text-xs text-muted-foreground"
          >
            99.9% uptime
          </span>
        </div>
        <div
          class="flex items-center gap-4"
        >
          <div
            class="text-center"
          >
            <p
              class="text-2xs text-muted-foreground"
            >
              Sources
            </p>
            <p
              aria-label="2 of 2 Sources healthy"
              class="text-sm font-medium text-green-400"
            >
              2/2
            </p>
          </div>
          <div
            class="text-center"
          >
            <p
              class="text-2xs text-muted-foreground"
            >
              Queries
            </p>
            <p
              aria-label="3 of 3 Queries healthy"
              class="text-sm font-medium text-green-400"
            >
              3/3
            </p>
          </div>
          <div
            class="text-center"
          >
            <p
              class="text-2xs text-muted-foreground"
            >
              Reactions
            </p>
            <p
              aria-label="1 of 1 Reactions healthy"
              class="text-sm font-medium text-green-400"
            >
              1/1
            </p>
          </div>
        </div>
      </div>
    </div>
  </div>
</DocumentFragment>
`;
