// Vitest Snapshot v1, https://vitest.dev/guide/snapshot.html

exports[`KagentAgentListCard > matches snapshot 1`] = `
<DocumentFragment>
  <div
    class="space-y-3 p-1"
  >
    <div
      class="grid grid-cols-3 gap-2"
    >
      <div
        class="flex items-center gap-2 px-3 py-2 rounded-lg bg-muted/30 border border-border/50"
      >
        <div
          class="p-1.5 rounded-md bg-blue-500/20 text-blue-400"
        >
          <svg
            aria-hidden="true"
            class="lucide lucide-bot w-3.5 h-3.5"
            fill="none"
            height="24"
            stroke="currentColor"
            stroke-linecap="round"
            stroke-linejoin="round"
            stroke-width="2"
            viewBox="0 0 24 24"
            width="24"
            xmlns="http://www.w3.org/2000/svg"
          >
            <path
              d="M12 8V4H8"
            />
            <rect
              height="12"
              rx="2"
              width="16"
              x="4"
              y="8"
            />
            <path
              d="M2 14h2"
            />
            <path
              d="M20 14h2"
            />
            <path
              d="M15 13v2"
            />
            <path
              d="M9 13v2"
            />
          </svg>
        </div>
        <div
          class="min-w-0"
        >
          <div
            class="text-lg font-semibold leading-tight"
          >
            2
          </div>
          <div
            class="text-xs text-muted-foreground truncate"
          >
            totalAgents
          </div>
        </div>
      </div>
      <div
        class="flex items-center gap-2 px-3 py-2 rounded-lg bg-muted/30 border border-border/50"
      >
        <div
          class="p-1.5 rounded-md bg-green-500/20 text-green-400"
        >
          <svg
            aria-hidden="true"
            class="lucide lucide-circle-check w-3.5 h-3.5"
            fill="none"
            height="24"
            stroke="currentColor"
            stroke-linecap="round"
            stroke-linejoin="round"
            stroke-width="2"
            viewBox="0 0 24 24"
            width="24"
            xmlns="http://www.w3.org/2000/svg"
          >
            <circle
              cx="12"
              cy="12"
              r="10"
            />
            <path
              d="m9 12 2 2 4-4"
            />
          </svg>
        </div>
        <div
          class="min-w-0"
        >
          <div
            class="text-lg font-semibold leading-tight"
          >
            2
          </div>
          <div
            class="text-xs text-muted-foreground truncate"
          >
            ready
          </div>
        </div>
      </div>
      <div
        class="flex items-center gap-2 px-3 py-2 rounded-lg bg-muted/30 border border-border/50"
      >
        <div
          class="p-1.5 rounded-md bg-yellow-500/20 text-yellow-400"
        >
          <svg
            aria-hidden="true"
            class="lucide lucide-triangle-alert w-3.5 h-3.5"
            fill="none"
            height="24"
            stroke="currentColor"
            stroke-linecap="round"
            stroke-linejoin="round"
            stroke-width="2"
            viewBox="0 0 24 24"
            width="24"
            xmlns="http://www.w3.org/2000/svg"
          >
            <path
              d="m21.73 18-8-14a2 2 0 0 0-3.48 0l-8 14A2 2 0 0 0 4 21h16a2 2 0 0 0 1.73-3"
            />
            <path
              d="M12 9v4"
            />
            <path
              d="M12 17h.01"
            />
          </svg>
        </div>
        <div
          class="min-w-0"
        >
          <div
            class="text-lg font-semibold leading-tight"
          >
            0
          </div>
          <div
            class="text-xs text-muted-foreground truncate"
          >
            issues
          </div>
        </div>
      </div>
    </div>
    <div
      class="px-1 flex items-center justify-between"
    >
      <div
        class="text-xs uppercase tracking-wider text-muted-foreground"
      >
        overallHealth
      </div>
      <span
        class="inline-flex items-center px-2 py-0.5 text-xs font-medium rounded border bg-green-500/15 text-green-400 border-green-500/20"
      >
        100% healthy
      </span>
    </div>
    <div
      class="px-1"
    >
      <div
        class="text-xs uppercase tracking-wider text-muted-foreground mb-1.5"
      >
        agentsByCluster
      </div>
      <div
        class="space-y-1"
      >
        <div
          class="px-2 py-1.5 rounded-lg bg-muted/20 border border-border/40"
        >
          <div
            class="flex items-center justify-between mb-1"
          >
            <div
              class="text-sm font-medium text-foreground"
            >
              prod
            </div>
            <span
              class="inline-flex items-center px-2 py-0.5 text-xs font-medium rounded border bg-green-500/15 text-green-400 border-green-500/20"
            >
              100% healthy
            </span>
          </div>
          <div
            class="flex items-center gap-3 text-xs text-muted-foreground"
          >
            <span
              class="flex items-center gap-1"
            >
              <svg
                aria-hidden="true"
                class="lucide lucide-circle-check w-3 h-3 text-green-400"
                fill="none"
                height="24"
                stroke="currentColor"
                stroke-linecap="round"
                stroke-linejoin="round"
                stroke-width="2"
                viewBox="0 0 24 24"
                width="24"
                xmlns="http://www.w3.org/2000/svg"
              >
                <circle
                  cx="12"
                  cy="12"
                  r="10"
                />
                <path
                  d="m9 12 2 2 4-4"
                />
              </svg>
              2 ready
            </span>
          </div>
        </div>
      </div>
    </div>
    <div
      class="px-1"
    >
      <div
        class="text-xs uppercase tracking-wider text-muted-foreground mb-1.5"
      >
        recentAgents
      </div>
      <div
        class="space-y-1"
      >
        <div
          class="flex items-center gap-2 px-2 py-1.5 rounded-lg hover:bg-secondary/50 transition-colors"
        >
          <svg
            aria-hidden="true"
            class="lucide lucide-circle-check w-3.5 h-3.5 text-green-400"
            fill="none"
            height="24"
            stroke="currentColor"
            stroke-linecap="round"
            stroke-linejoin="round"
            stroke-width="2"
            viewBox="0 0 24 24"
            width="24"
            xmlns="http://www.w3.org/2000/svg"
          >
            <circle
              cx="12"
              cy="12"
              r="10"
            />
            <path
              d="m9 12 2 2 4-4"
            />
          </svg>
          <div
            class="min-w-0 flex-1"
          >
            <div
              class="text-sm font-medium truncate"
            >
              agent-1
            </div>
            <div
              class="text-xs text-muted-foreground"
            >
              prod / default
            </div>
          </div>
          <div
            class="text-xs text-muted-foreground"
          >
            2/2
          </div>
        </div>
      </div>
    </div>
  </div>
</DocumentFragment>
`;
