// Vitest Snapshot v1, https://vitest.dev/guide/snapshot.html

exports[`KagentStatusCard > matches snapshot 1`] = `
<DocumentFragment>
  <div
    class="space-y-3 p-1"
  >
    <div
      class="grid grid-cols-2 @md:grid-cols-3 gap-2"
    >
      <div
        class="flex items-center gap-2 px-3 py-2 rounded-lg bg-muted/30 border border-border/50"
      >
        <div
          class="p-1.5 rounded-md bg-blue-500/20 text-blue-400"
        >
          <svg
            aria-hidden="true"
            class="lucide lucide-bot w-3.5 h-3.5"
            fill="none"
            height="24"
            stroke="currentColor"
            stroke-linecap="round"
            stroke-linejoin="round"
            stroke-width="2"
            viewBox="0 0 24 24"
            width="24"
            xmlns="http://www.w3.org/2000/svg"
          >
            <path
              d="M12 8V4H8"
            />
            <rect
              height="12"
              rx="2"
              width="16"
              x="4"
              y="8"
            />
            <path
              d="M2 14h2"
            />
            <path
              d="M20 14h2"
            />
            <path
              d="M15 13v2"
            />
            <path
              d="M9 13v2"
            />
          </svg>
        </div>
        <div
          class="min-w-0"
        >
          <div
            class="text-lg font-semibold leading-tight"
          >
            1
          </div>
          <div
            class="text-xs text-muted-foreground truncate"
          >
            agents
          </div>
          <div
            class="text-xs text-muted-foreground"
          >
            1
          </div>
        </div>
      </div>
      <div
        class="flex items-center gap-2 px-3 py-2 rounded-lg bg-muted/30 border border-border/50"
      >
        <div
          class="p-1.5 rounded-md bg-cyan-500/20 text-cyan-400"
        >
          <svg
            aria-hidden="true"
            class="lucide lucide-wrench w-3.5 h-3.5"
            fill="none"
            height="24"
            stroke="currentColor"
            stroke-linecap="round"
            stroke-linejoin="round"
            stroke-width="2"
            viewBox="0 0 24 24"
            width="24"
            xmlns="http://www.w3.org/2000/svg"
          >
            <path
              d="M14.7 6.3a1 1 0 0 0 0 1.4l1.6 1.6a1 1 0 0 0 1.4 0l3.106-3.105c.32-.322.863-.22.983.218a6 6 0 0 1-8.259 7.057l-7.91 7.91a1 1 0 0 1-2.999-3l7.91-7.91a6 6 0 0 1 7.057-8.259c.438.12.54.662.219.984z"
            />
          </svg>
        </div>
        <div
          class="min-w-0"
        >
          <div
            class="text-lg font-semibold leading-tight"
          >
            1
          </div>
          <div
            class="text-xs text-muted-foreground truncate"
          >
            toolServers
          </div>
          <div
            class="text-xs text-muted-foreground"
          >
            2
          </div>
        </div>
      </div>
      <div
        class="flex items-center gap-2 px-3 py-2 rounded-lg bg-muted/30 border border-border/50"
      >
        <div
          class="p-1.5 rounded-md bg-emerald-500/20 text-emerald-400"
        >
          <svg
            aria-hidden="true"
            class="lucide lucide-cpu w-3.5 h-3.5"
            fill="none"
            height="24"
            stroke="currentColor"
            stroke-linecap="round"
            stroke-linejoin="round"
            stroke-width="2"
            viewBox="0 0 24 24"
            width="24"
            xmlns="http://www.w3.org/2000/svg"
          >
            <path
              d="M12 20v2"
            />
            <path
              d="M12 2v2"
            />
            <path
              d="M17 20v2"
            />
            <path
              d="M17 2v2"
            />
            <path
              d="M2 12h2"
            />
            <path
              d="M2 17h2"
            />
            <path
              d="M2 7h2"
            />
            <path
              d="M20 12h2"
            />
            <path
              d="M20 17h2"
            />
            <path
              d="M20 7h2"
            />
            <path
              d="M7 20v2"
            />
            <path
              d="M7 2v2"
            />
            <rect
              height="16"
              rx="2"
              width="16"
              x="4"
              y="4"
            />
            <rect
              height="8"
              rx="1"
              width="8"
              x="8"
              y="8"
            />
          </svg>
        </div>
        <div
          class="min-w-0"
        >
          <div
            class="text-lg font-semibold leading-tight"
          >
            1
          </div>
          <div
            class="text-xs text-muted-foreground truncate"
          >
            modelConfigs
          </div>
          <div
            class="text-xs text-muted-foreground"
          >
            1
          </div>
        </div>
      </div>
    </div>
    <div
      class="px-1"
    >
      <div
        class="text-xs uppercase tracking-wider text-muted-foreground mb-1.5"
      >
        runtimes
      </div>
      <div
        class="space-y-1"
      >
        <div
          class="flex items-center gap-2"
        >
          <div
            class="text-sm text-muted-foreground w-20 truncate"
          >
            openai
          </div>
          <div
            class="flex-1 h-1.5 rounded-full bg-muted/30 overflow-hidden"
          >
            <div
              class="h-full rounded-full bg-blue-500/60"
              style="width: 100%;"
            />
          </div>
          <div
            class="text-sm text-muted-foreground w-6 text-right"
          >
            1
          </div>
        </div>
      </div>
    </div>
    <div
      class="px-1"
    >
      <div
        class="text-xs uppercase tracking-wider text-muted-foreground mb-1.5"
      >
        clusters
      </div>
      <div
        class="space-y-1"
      >
        <div
          class="flex items-center gap-2 text-sm"
        >
          <svg
            aria-hidden="true"
            class="lucide lucide-server w-3.5 h-3.5 text-muted-foreground/40"
            fill="none"
            height="24"
            stroke="currentColor"
            stroke-linecap="round"
            stroke-linejoin="round"
            stroke-width="2"
            viewBox="0 0 24 24"
            width="24"
            xmlns="http://www.w3.org/2000/svg"
          >
            <rect
              height="8"
              rx="2"
              ry="2"
              width="20"
              x="2"
              y="2"
            />
            <rect
              height="8"
              rx="2"
              ry="2"
              width="20"
              x="2"
              y="14"
            />
            <line
              x1="6"
              x2="6.01"
              y1="6"
              y2="6"
            />
            <line
              x1="6"
              x2="6.01"
              y1="18"
              y2="18"
            />
          </svg>
          <span
            class="text-muted-foreground truncate flex-1"
          >
            prod
          </span>
          <span
            class="text-blue-400"
          >
            1
          </span>
          <span
            class="text-cyan-400"
          >
            1
          </span>
          <span
            class="text-emerald-400"
          >
            1
          </span>
        </div>
      </div>
    </div>
  </div>
</DocumentFragment>
`;
