// Vitest Snapshot v1, https://vitest.dev/guide/snapshot.html

exports[`MobileBrowser > matches snapshot 1`] = `
<DocumentFragment>
  <div
    class="flex flex-col h-full"
  >
    <div
      class="flex-1 flex flex-col items-center justify-center overflow-hidden"
    >
      <div
        class="relative bg-black shadow-2xl rounded-[40px] p-2"
        style="width: 391px; height: 683px;"
      >
        <div
          class="relative bg-white dark:bg-background overflow-hidden rounded-[32px]"
          style="width: 375px; height: 667px;"
        >
          <div
            class="absolute top-0 left-0 right-0 z-20"
          >
            <div
              class="flex justify-center pt-2"
            >
              <div
                class="bg-black rounded-full px-6 py-1 flex items-center gap-2"
              >
                <div
                  class="w-2 h-2 rounded-full bg-gray-700"
                />
                 
              </div>
            </div>
          </div>
          <div
            class="absolute top-0 left-0 right-0 z-10 flex justify-between items-center text-xs px-6 pt-2"
          >
            <span
              class="font-semibold text-black dark:text-white"
            >
              08:44 PM
            </span>
            <div
              class="flex items-center gap-1 text-black dark:text-white"
            >
              <svg
                aria-hidden="true"
                class="lucide lucide-signal w-3 h-3"
                fill="none"
                height="24"
                stroke="currentColor"
                stroke-linecap="round"
                stroke-linejoin="round"
                stroke-width="2"
                viewBox="0 0 24 24"
                width="24"
                xmlns="http://www.w3.org/2000/svg"
              >
                <path
                  d="M2 20h.01"
                />
                <path
                  d="M7 20v-4"
                />
                <path
                  d="M12 20v-8"
                />
                <path
                  d="M17 20V8"
                />
                <path
                  d="M22 4v16"
                />
              </svg>
              <svg
                aria-hidden="true"
                class="lucide lucide-wifi w-3 h-3"
                fill="none"
                height="24"
                stroke="currentColor"
                stroke-linecap="round"
                stroke-linejoin="round"
                stroke-width="2"
                viewBox="0 0 24 24"
                width="24"
                xmlns="http://www.w3.org/2000/svg"
              >
                <path
                  d="M12 20h.01"
                />
                <path
                  d="M2 8.82a15 15 0 0 1 20 0"
                />
                <path
                  d="M5 12.859a10 10 0 0 1 14 0"
                />
                <path
                  d="M8.5 16.429a5 5 0 0 1 7 0"
                />
              </svg>
              <svg
                aria-hidden="true"
                class="lucide lucide-battery w-4 h-3"
                fill="none"
                height="24"
                stroke="currentColor"
                stroke-linecap="round"
                stroke-linejoin="round"
                stroke-width="2"
                viewBox="0 0 24 24"
                width="24"
                xmlns="http://www.w3.org/2000/svg"
              >
                <path
                  d="M 22 14 L 22 10"
                />
                <rect
                  height="12"
                  rx="2"
                  width="16"
                  x="2"
                  y="6"
                />
              </svg>
            </div>
          </div>
          <div
            class="absolute left-0 right-0 z-10 px-2 pt-2 top-8"
          >
            <div
              class="flex items-center gap-1 bg-gray-100 dark:bg-secondary rounded-lg px-3 py-2"
            >
              <svg
                aria-hidden="true"
                class="lucide lucide-lock w-3 h-3 text-green-500 shrink-0"
                fill="none"
                height="24"
                stroke="currentColor"
                stroke-linecap="round"
                stroke-linejoin="round"
                stroke-width="2"
                viewBox="0 0 24 24"
                width="24"
                xmlns="http://www.w3.org/2000/svg"
              >
                <rect
                  height="11"
                  rx="2"
                  ry="2"
                  width="18"
                  x="3"
                  y="11"
                />
                <path
                  d="M7 11V7a5 5 0 0 1 10 0v4"
                />
              </svg>
              <input
                class="flex-1 bg-transparent text-xs text-center text-gray-700 dark:text-foreground focus:outline-hidden min-w-0"
                placeholder="searchPlaceholder"
                type="text"
                value="https://kubestellar.io"
              />
              <button
                class="text-muted-foreground hover:text-gray-600"
              >
                <svg
                  aria-hidden="true"
                  class="lucide lucide-x w-3 h-3"
                  fill="none"
                  height="24"
                  stroke="currentColor"
                  stroke-linecap="round"
                  stroke-linejoin="round"
                  stroke-width="2"
                  viewBox="0 0 24 24"
                  width="24"
                  xmlns="http://www.w3.org/2000/svg"
                >
                  <path
                    d="M18 6 6 18"
                  />
                  <path
                    d="m6 6 12 12"
                  />
                </svg>
              </button>
            </div>
          </div>
          <div
            class="absolute left-0 right-0 bottom-12 overflow-hidden bg-white dark:bg-background top-[72px]"
          >
            <iframe
              class="w-full h-full border-none"
              sandbox="allow-scripts allow-same-origin allow-forms allow-popups"
              src="https://kubestellar.io"
              style="transform: scale(1); transform-origin: top left;"
              title="title"
            />
          </div>
          <div
            class="absolute bottom-0 left-0 right-0 h-12 bg-gray-50 dark:bg-background border-t border-gray-200 dark:border-border flex items-center justify-around px-4"
          >
            <button
              aria-label="back"
              class="p-2 text-gray-300 dark:text-gray-700"
              disabled=""
              title="back"
            >
              <svg
                aria-hidden="true"
                class="lucide lucide-chevron-left w-5 h-5"
                fill="none"
                height="24"
                stroke="currentColor"
                stroke-linecap="round"
                stroke-linejoin="round"
                stroke-width="2"
                viewBox="0 0 24 24"
                width="24"
                xmlns="http://www.w3.org/2000/svg"
              >
                <path
                  d="m15 18-6-6 6-6"
                />
              </svg>
            </button>
            <button
              aria-label="forward"
              class="p-2 text-gray-300 dark:text-gray-700"
              disabled=""
              title="forward"
            >
              <svg
                aria-hidden="true"
                class="lucide lucide-chevron-right w-5 h-5"
                fill="none"
                height="24"
                stroke="currentColor"
                stroke-linecap="round"
                stroke-linejoin="round"
                stroke-width="2"
                viewBox="0 0 24 24"
                width="24"
                xmlns="http://www.w3.org/2000/svg"
              >
                <path
                  d="m9 18 6-6-6-6"
                />
              </svg>
            </button>
            <button
              aria-label="bookmarks"
              class="p-2 text-blue-500"
              title="bookmarks"
            >
              <svg
                aria-hidden="true"
                class="lucide lucide-bookmark w-5 h-5"
                fill="none"
                height="24"
                stroke="currentColor"
                stroke-linecap="round"
                stroke-linejoin="round"
                stroke-width="2"
                viewBox="0 0 24 24"
                width="24"
                xmlns="http://www.w3.org/2000/svg"
              >
                <path
                  d="M17 3a2 2 0 0 1 2 2v15a1 1 0 0 1-1.496.868l-4.512-2.578a2 2 0 0 0-1.984 0l-4.512 2.578A1 1 0 0 1 5 20V5a2 2 0 0 1 2-2z"
                />
              </svg>
            </button>
            <button
              aria-label="addBookmark"
              class="p-2 text-blue-500"
              title="addBookmark"
            >
              <svg
                aria-hidden="true"
                class="lucide lucide-star w-5 h-5"
                fill="none"
                height="24"
                stroke="currentColor"
                stroke-linecap="round"
                stroke-linejoin="round"
                stroke-width="2"
                viewBox="0 0 24 24"
                width="24"
                xmlns="http://www.w3.org/2000/svg"
              >
                <path
                  d="M11.525 2.295a.53.53 0 0 1 .95 0l2.31 4.679a2.123 2.123 0 0 0 1.595 1.16l5.166.756a.53.53 0 0 1 .294.904l-3.736 3.638a2.123 2.123 0 0 0-.611 1.878l.882 5.14a.53.53 0 0 1-.771.56l-4.618-2.428a2.122 2.122 0 0 0-1.973 0L6.396 21.01a.53.53 0 0 1-.77-.56l.881-5.139a2.122 2.122 0 0 0-.611-1.879L2.16 9.795a.53.53 0 0 1 .294-.906l5.165-.755a2.122 2.122 0 0 0 1.597-1.16z"
                />
              </svg>
            </button>
            <button
              aria-label="tabs"
              class="p-2 text-blue-500 relative"
              title="tabs"
            >
              <svg
                aria-hidden="true"
                class="lucide lucide-grid3x3 lucide-grid-3x3 w-5 h-5"
                fill="none"
                height="24"
                stroke="currentColor"
                stroke-linecap="round"
                stroke-linejoin="round"
                stroke-width="2"
                viewBox="0 0 24 24"
                width="24"
                xmlns="http://www.w3.org/2000/svg"
              >
                <rect
                  height="18"
                  rx="2"
                  width="18"
                  x="3"
                  y="3"
                />
                <path
                  d="M3 9h18"
                />
                <path
                  d="M3 15h18"
                />
                <path
                  d="M9 3v18"
                />
                <path
                  d="M15 3v18"
                />
              </svg>
            </button>
          </div>
          <div
            class="absolute bottom-1 left-1/2 -translate-x-1/2 h-1 bg-gray-300 dark:bg-muted rounded-full w-24"
          />
        </div>
      </div>
    </div>
  </div>
</DocumentFragment>
`;
